// Jest Snapshot v1, https://goo.gl/fbAQLP

exports[`App component renders App 1`] = `
<div>
  <h1
    className="App"
  >
    Markdown Editor
  </h1>
  <Header />
  <Document />
</div>
`;
